[36mvite v8.0.3 [32mbuilding client environment for production...[36m[39m
[2K
transforming...Γ£ô 960 modules transformed.
rendering chunks...
computing gzip size...
dist/index.html                     0.77 kB Γöé gzip:   0.43 kB
dist/assets/index-DEd7xC_e.css     36.69 kB Γöé gzip:   6.69 kB
dist/assets/index-BzovDPxj.js   1,449.71 kB Γöé gzip: 431.22 kB

[32mΓ£ô built in 820ms[39m
node : [33m[plugin 
builtin:vite-reporter] 
At line:1 char:1
+ node ./node_modules/vi
te/bin/vite.js build > 
build_output.txt 2>&1; 
G ...
+ ~~~~~~~~~~~~~~~~~~~~~~
~~~~~~~~~~~~~~~~~~~~~~~~
~~~~~~~~~~~~~~~~~~~~
    + CategoryInfo      
        : NotSpecified: 
(    [33m[plugin 
builtin:v    
ite-reporter] :String   
 ) [], RemoteException
    + 
FullyQualifiedError    
Id : NativeCommandErr   
 or
 
(!) Some chunks are 
larger than 500 kB 
after minification. 
Consider:
- Using dynamic 
import() to code-split 
the application
- Use build.rolldownOpti
ons.output.codeSplitting
 to improve chunking: ht
tps://rolldown.rs/refere
nce/OutputOptions.codeSp
litting
- Adjust chunk size 
limit for this warning 
via build.chunkSizeWarni
ngLimit.[39m
