
> smartdhobi@0.0.0 build
> vite build

[36mvite v8.0.3 [32mbuilding client environment for production...[36m[39m
[2K
transforming...Γ£ô 1019 modules transformed.
rendering chunks...
node.exe : [31mΓ£ù[39m 
Build failed in 932ms
At line:1 char:1
+ & "D:\Program 
Files\nodejs/node.exe" 
"D:\Program 
Files\nodejs/node_mo ...
+ ~~~~~~~~~~~~~~~~~~~~~~~~
~~~~~~~~~~~~~~~~~~~~~~~~~~
~~~~~~~~~~~~~~~~~~~
    + CategoryInfo        
      : NotSpecified: (  
  [31mΓ£ù[39m Build fa   
 iled in 932ms:String)    
 [], RemoteException
    + FullyQualifiedError 
   Id : NativeCommandErr  
  or
 
[31merror during build:
[31mBuild failed with 2 
errors:

[31m[MISSING_EXPORT] 
Error:[0m 
"useStudentSchedule" is 
not exported by "src/hooks
/useSchedule.js".
   [38;5;246mΓò¡[0m[38;
5;246mΓöÇ[0m[38;5;246m[
[0m src/pages/student/Stud
entDashboard.jsx:4:10 
[38;5;246m][0m
   [38;5;246mΓöé[0m
 [38;5;246m4 Γöé[0m [38
;5;249mi[0m[38;5;249mm[
0m[38;5;249mp[0m[38;5;2
49mo[0m[38;5;249mr[0m[
38;5;249mt[0m[38;5;249m 
[0m[38;5;249m{[0m[38;5
;249m [0museStudentSchedu
le[38;5;249m [0m[38;5;2
49m}[0m[38;5;249m [0m[
38;5;249mf[0m[38;5;249mr
[0m[38;5;249mo[0m[38;5
;249mm[0m[38;5;249m [0m
[38;5;249m"[0m[38;5;249
m.[0m[38;5;249m.[0m[38
;5;249m/[0m[38;5;249m.[
0m[38;5;249m.[0m[38;5;2
49m/[0m[38;5;249mh[0m[
38;5;249mo[0m[38;5;249mo
[0m[38;5;249mk[0m[38;5
;249ms[0m[38;5;249m/[0m
[38;5;249mu[0m[38;5;249
ms[0m[38;5;249me[0m[38
;5;249mS[0m[38;5;249mc[
0m[38;5;249mh[0m[38;5;2
49me[0m[38;5;249md[0m[
38;5;249mu[0m[38;5;249ml
[0m[38;5;249me[0m[38;5
;249m"[0m[38;5;249m;[0m
 [38;5;240m  Γöé[0m     
     ΓöÇΓöÇΓöÇΓöÇΓöÇΓöÇΓöÇ
ΓöÇΓöÇΓö¼ΓöÇΓöÇΓöÇΓöÇΓöÇΓö
ÇΓöÇΓöÇ  
 [38;5;240m  Γöé[0m     
              Γò░ΓöÇΓöÇΓöÇ
ΓöÇΓöÇΓöÇΓöÇΓöÇΓöÇΓöÇ 
Missing export
[38;5;246mΓöÇΓöÇΓöÇΓò»[0
m

[31m[MISSING_EXPORT] 
Error:[0m 
"useStudentSchedule" is 
not exported by "src/hooks
/useSchedule.js".
   [38;5;246mΓò¡[0m[38;
5;246mΓöÇ[0m[38;5;246m[
[0m src/pages/student/Stud
entQRPage.jsx:4:10 
[38;5;246m][0m
   [38;5;246mΓöé[0m
 [38;5;246m4 Γöé[0m [38
;5;249mi[0m[38;5;249mm[
0m[38;5;249mp[0m[38;5;2
49mo[0m[38;5;249mr[0m[
38;5;249mt[0m[38;5;249m 
[0m[38;5;249m{[0m[38;5
;249m [0museStudentSchedu
le[38;5;249m [0m[38;5;2
49m}[0m[38;5;249m [0m[
38;5;249mf[0m[38;5;249mr
[0m[38;5;249mo[0m[38;5
;249mm[0m[38;5;249m [0m
[38;5;249m"[0m[38;5;249
m.[0m[38;5;249m.[0m[38
;5;249m/[0m[38;5;249m.[
0m[38;5;249m.[0m[38;5;2
49m/[0m[38;5;249mh[0m[
38;5;249mo[0m[38;5;249mo
[0m[38;5;249mk[0m[38;5
;249ms[0m[38;5;249m/[0m
[38;5;249mu[0m[38;5;249
ms[0m[38;5;249me[0m[38
;5;249mS[0m[38;5;249mc[
0m[38;5;249mh[0m[38;5;2
49me[0m[38;5;249md[0m[
38;5;249mu[0m[38;5;249ml
[0m[38;5;249me[0m[38;5
;249m"[0m[38;5;249m;[0m
 [38;5;240m  Γöé[0m     
     ΓöÇΓöÇΓöÇΓöÇΓöÇΓöÇΓöÇ
ΓöÇΓöÇΓö¼ΓöÇΓöÇΓöÇΓöÇΓöÇΓö
ÇΓöÇΓöÇ  
 [38;5;240m  Γöé[0m     
              Γò░ΓöÇΓöÇΓöÇ
ΓöÇΓöÇΓöÇΓöÇΓöÇΓöÇΓöÇ 
Missing export
[38;5;246mΓöÇΓöÇΓöÇΓò»[0
m
[31m
    at aggregateBindingErr
orsIntoJsError (file:///E:
/smart-dhobi/smartdhobi/no
de_modules/rolldown/dist/s
hared/error-BLhcSyeg.mjs:4
8:18)
    at 
unwrapBindingResult (file:
///E:/smart-dhobi/smartdho
bi/node_modules/rolldown/d
ist/shared/error-BLhcSyeg.
mjs:18:128)
    at #build (file:///E:/
smart-dhobi/smartdhobi/nod
e_modules/rolldown/dist/sh
ared/rolldown-build-CPrIX9
V6.mjs:3313:34)
    at async 
buildEnvironment (file:///
E:/smart-dhobi/smartdhobi/
node_modules/vite/dist/nod
e/chunks/node.js:32849:64)
    at async Object.build 
(file:///E:/smart-dhobi/sm
artdhobi/node_modules/vite
/dist/node/chunks/node.js:
33271:19)
    at async 
Object.buildApp (file:///E
:/smart-dhobi/smartdhobi/n
ode_modules/vite/dist/node
/chunks/node.js:33268:153)
    at async 
CAC.<anonymous> (file:///E
:/smart-dhobi/smartdhobi/n
ode_modules/vite/dist/node
/cli.js:778:3) {
  errors: [Getter/Setter]
}[39m
